// Jest Snapshot v1, https://goo.gl/fbAQLP

exports[`BettingInterface matches the structural snapshot 1`] = `
<div
  class="bg-gray-800 rounded-xl p-4 w-full space-y-4"
>
  <h2
    class="text-base font-semibold text-white"
  >
    Place Bet
  </h2>
  <div
    class="grid grid-cols-2 gap-3"
  >
    <button
      class="h-11 rounded-lg text-sm font-medium transition-colors bg-gray-700 text-gray-300 hover:bg-gray-600 disabled:opacity-50 disabled:cursor-not-allowed"
    >
      Alice Fighter
    </button>
    <button
      class="h-11 rounded-lg text-sm font-medium transition-colors bg-gray-700 text-gray-300 hover:bg-gray-600 disabled:opacity-50 disabled:cursor-not-allowed"
    >
      Bob Fighter
    </button>
  </div>
  <div
    class="space-y-1"
  >
    <label
      class="block text-sm text-gray-400"
    >
      Amount (XLM)
    </label>
    <input
      class="w-full bg-gray-700 text-white rounded-lg px-3 h-11 border border-gray-600 focus:border-amber-400 focus:outline-none disabled:opacity-50 disabled:cursor-not-allowed"
      max="10000"
      min="1"
      placeholder="1–10000 XLM"
      type="number"
      value=""
    />
  </div>
  <button
    class="w-full h-11 bg-amber-500 hover:bg-amber-400 disabled:opacity-40 disabled:cursor-not-allowed text-black font-semibold rounded-lg transition-colors"
    disabled=""
  >
    Confirm Bet
  </button>
</div>
`;
