// Jest Snapshot v1, https://goo.gl/fbAQLP

exports[`FighterCard matches the structural snapshot 1`] = `
<div
  class="bg-gray-800 rounded-xl p-4 border-l-4 border-blue-500 text-blue-400 flex-1 min-w-0"
>
  <div
    class="flex items-center justify-between mb-2"
  >
    <span
      class="text-xs font-bold uppercase tracking-wider border-blue-500 text-blue-400"
    >
      Fighter 
      A
    </span>
    <span
      class="text-xs text-gray-400"
    >
      62.5
      %
    </span>
  </div>
  <h3
    class="text-lg font-bold text-white truncate"
  >
    Lina Torres
  </h3>
  <p
    class="text-sm text-gray-400"
  >
    18-2
     · 
    Featherweight
  </p>
  <p
    class="text-sm text-gray-400"
  >
    USA
  </p>
  <p
    class="mt-2 text-sm text-gray-300"
  >
    Pool: 
    <span
      class="text-white font-semibold"
    >
      10.00
       XLM
    </span>
  </p>
</div>
`;
