// Jest Snapshot v1, https://goo.gl/fbAQLP

exports[`MarketOddsBar matches the snapshot 1`] = `
<div
  class="w-full"
>
  <div
    class="flex justify-between text-xs text-gray-400 mb-1"
  >
    <span>
      Alice
       
      60
      %
    </span>
    <span>
      40
      % 
      Bob
    </span>
  </div>
  <div
    class="flex rounded-full overflow-hidden h-3"
  >
    <div
      class="bg-blue-500 transition-all"
      style="width: 60%;"
    />
    <div
      class="bg-red-500 transition-all"
      style="width: 40%;"
    />
  </div>
</div>
`;
